// Jest Snapshot v1, https://goo.gl/fbAQLP

exports[`class AddTodo extends _react.Component {
	constructor() {
		super();this.



		handleSubmit = e => {
			e.preventDefault();

			if (this.state.todoText.length > 0) {
				this.setState({ todoText: '' });
				this.props.onAddTodo(this.state.todoText);
			} else {
				// puts cursor back in text input field if no text exists on submit
				this.todoTextRef.focus();
			}
		};this.state = { todoText: '' };}
	render() {
		return (
			_react2.default.createElement('form', { onSubmit: this.handleSubmit, __source: { fileName: _jsxFileName, lineNumber: 23 }, __self: this },
				_react2.default.createElement(_reactBootstrap.FormGroup, { __source: { fileName: _jsxFileName, lineNumber: 24 }, __self: this },
					_react2.default.createElement(_reactBootstrap.FormControl, {
						className: 'todoInput',
						type: 'text',
						placeholder: '...add your todo here',
						onChange: event => this.setState({ todoText: event.target.value })
						// ref to move cursor back to if field is empty when submitted
						, inputRef: input => this.todoTextRef = input, __source: { fileName: _jsxFileName, lineNumber: 25 }, __self: this }),

					_react2.default.createElement(_reactBootstrap.Button, { bsStyle: 'primary', bsSize: 'large', type: 'submit', block: true, __source: { fileName: _jsxFileName, lineNumber: 33 }, __self: this }, 'Add Todo'))));





	}} should exist 1`] = `
<form
  onSubmit={[Function]}
>
  <div
    className="form-group"
  >
    <input
      className="todoInput form-control"
      id={undefined}
      onChange={[Function]}
      placeholder="...add your todo here"
      type="text"
    />
    <button
      className="btn btn-lg btn-primary btn-block"
      disabled={false}
      type="submit"
    >
      Add Todo
    </button>
  </div>
</form>
`;
