// Jest Snapshot v1, https://goo.gl/fbAQLP

exports[`class HelloWorld extends _react.Component {
	constructor(props) {
		super(props);
		this.state = { greeting: 'Hello' };
	}

	frenchify() {
		this.setState({ greeting: 'Bonjour' });
	}

	removeGreeting() {
		this.props.removeGreeting(this.props.name);
	}

	render() {
		return (
			_react2.default.createElement('div', { className: 'HelloWorld', __source: { fileName: _jsxFileName, lineNumber: 20 }, __self: this },
				this.state.greeting, ' ', this.props.name, '!',
				_react2.default.createElement('br', { __source: { fileName: _jsxFileName, lineNumber: 22 }, __self: this }),
				_react2.default.createElement('button', { className: 'frenchify', onClick: this.frenchify.bind(this), __source: { fileName: _jsxFileName, lineNumber: 23 }, __self: this }, 'Frenchify!'),


				_react2.default.createElement('br', { __source: { fileName: _jsxFileName, lineNumber: 26 }, __self: this }),
				_react2.default.createElement('button', { className: 'remove', onClick: this.removeGreeting.bind(this), __source: { fileName: _jsxFileName, lineNumber: 27 }, __self: this }, 'Remove Me!')));




	}} renders and matches our snapshot 1`] = `
<div
  className="HelloWorld"
>
  Hello
   
  Person
  !
  <br />
  <button
    className="frenchify"
    onClick={[Function]}
  >
    Frenchify!
  </button>
  <br />
  <button
    className="remove"
    onClick={[Function]}
  >
    Remove Me!
  </button>
</div>
`;
